(base) runchitan@192 My CV 2023-2024 % cd ..
(base) runchitan@192 LaTeX Workshop % ls
LaTeX Documentations            Notes Algebraic Geometry        Notes Homological Algebra       Qian's Presentation
My CV 2023-2024                 Notes Commutative Algebra       Presentation Summer 2023        Summer2023
(base) runchitan@192 LaTeX Workshop % cd Notes\ Algebraic\ Geometry  
(base) runchitan@192 Notes Algebraic Geometry % pwd
/Users/runchitan/Desktop/LaTeX Workshop/Notes Algebraic Geometry
(base) runchitan@192 Notes Algebraic Geometry % git status
fatal: not a git repository (or any of the parent directories): .git
(base) runchitan@192 Notes Algebraic Geometry % git config --user.name Runchi Tan
error: unknown option `user.name'
usage: git config [<options>]

Config file location
    --global              use global config file
    --system              use system config file
    --local               use repository config file
    --worktree            use per-worktree config file
    -f, --file <file>     use given config file
    --blob <blob-id>      read config from given blob object

Action
    --get                 get value: name [value-pattern]
    --get-all             get all values: key [value-pattern]
    --get-regexp          get values for regexp: name-regex [value-pattern]
    --get-urlmatch        get value specific for the URL: section[.var] URL
    --replace-all         replace all matching variables: name value [value-pattern]
    --add                 add a new variable: name value
    --unset               remove a variable: name [value-pattern]
    --unset-all           remove all matches: name [value-pattern]
    --rename-section      rename section: old-name new-name
    --remove-section      remove a section: name
    -l, --list            list all
    --fixed-value         use string equality when comparing values to 'value-pattern'
    -e, --edit            open an editor
    --get-color           find the color configured: slot [default]
    --get-colorbool       find the color setting: slot [stdout-is-tty]

Type
    -t, --type <type>     value is given this type
    --bool                value is "true" or "false"
    --int                 value is decimal number
    --bool-or-int         value is --bool or --int
    --bool-or-str         value is --bool or string
    --path                value is a path (file or directory name)
    --expiry-date         value is an expiry date

Other
    -z, --null            terminate values with NUL byte
    --name-only           show variable names only
    --includes            respect include directives on lookup
    --show-origin         show origin of config (file, standard input, blob, command line)
    --show-scope          show scope of config (worktree, local, global, system, command)
    --default <value>     with --get, use default value when missing entry

(base) runchitan@192 Notes Algebraic Geometry % git config --global user.name Runchi Tan
(base) runchitan@192 Notes Algebraic Geometry % git config --global user.email runchitan@gmail.com
(base) runchitan@192 Notes Algebraic Geometry % git config --global init.default branch main
(base) runchitan@192 Notes Algebraic Geometry % git status
fatal: not a git repository (or any of the parent directories): .git
(base) runchitan@192 Notes Algebraic Geometry % git init
Initialized empty Git repository in /Users/runchitan/Desktop/LaTeX Workshop/Notes Algebraic Geometry/.git/
(base) runchitan@192 Notes Algebraic Geometry % git status
On branch main

No commits yet

Untracked files:
  (use "git add <file>..." to include in what will be committed)
        bibliography.bib
        main.bbl
        main.pdf
        main.synctex.gz
        main.tex
        quiver.sty
        texFiles/

nothing added to commit but untracked files present (use "git add" to track)
(base) runchitan@192 Notes Algebraic Geometry % git remote add origin https://github.com/Ihcnurnat/Notes-Algebraic-Geometry.git
(base) runchitan@192 Notes Algebraic Geometry % git commit -m ""
On branch main

Initial commit

Untracked files:
  (use "git add <file>..." to include in what will be committed)
        bibliography.bib
        main.bbl
        main.pdf
        main.synctex.gz
        main.tex
        quiver.sty
        texFiles/

nothing added to commit but untracked files present (use "git add" to track)
(base) runchitan@192 Notes Algebraic Geometry % git add .
(base) runchitan@192 Notes Algebraic Geometry % git status
On branch main

No commits yet

Changes to be committed:
  (use "git rm --cached <file>..." to unstage)
        new file:   bibliography.bib
        new file:   main.bbl
        new file:   main.pdf
        new file:   main.synctex.gz
        new file:   main.tex
        new file:   quiver.sty
        new file:   texFiles/Notes.tex
        new file:   texFiles/Robin Hartshorne/Chapter 1.1.tex

(base) runchitan@192 Notes Algebraic Geometry % git status
On branch main

No commits yet

Changes to be committed:
  (use "git rm --cached <file>..." to unstage)
        new file:   bibliography.bib
        new file:   main.bbl
        new file:   main.pdf
        new file:   main.synctex.gz
        new file:   main.tex
        new file:   quiver.sty
        new file:   texFiles/Notes.tex
        new file:   texFiles/Robin Hartshorne/Chapter 1.1.tex

Untracked files:
  (use "git add <file>..." to include in what will be committed)
        .gitignore

(base) runchitan@192 Notes Algebraic Geometry % git add .
(base) runchitan@192 Notes Algebraic Geometry % git add .
(base) runchitan@192 Notes Algebraic Geometry % git status
On branch main

No commits yet

Changes to be committed:
  (use "git rm --cached <file>..." to unstage)
        new file:   .gitignore
        new file:   bibliography.bib
        new file:   main.bbl
        new file:   main.pdf
        new file:   main.synctex.gz
        new file:   main.tex
        new file:   quiver.sty
        new file:   texFiles/Notes.tex
        new file:   texFiles/Robin Hartshorne/Chapter 1.1.tex

(base) runchitan@192 Notes Algebraic Geometry % git commmit -m "first commit"
git: 'commmit' is not a git command. See 'git --help'.

The most similar command is
        commit
(base) runchitan@192 Notes Algebraic Geometry % git commit    
hint: Waiting for your editor to close the file... error: There was a problem with the editor 'vi'.
Please supply the message using either -m or -F option.
(base) runchitan@192 Notes Algebraic Geometry % git commit -m "first commit"
[main (root-commit) 17be317] first commit
 9 files changed, 124 insertions(+)
 create mode 100644 .gitignore
 create mode 100644 bibliography.bib
 create mode 100644 main.bbl
 create mode 100644 main.pdf
 create mode 100644 main.synctex.gz
 create mode 100644 main.tex
 create mode 100644 quiver.sty
 create mode 100644 texFiles/Notes.tex
 create mode 100644 texFiles/Robin Hartshorne/Chapter 1.1.tex
(base) runchitan@192 Notes Algebraic Geometry % git push
fatal: The current branch main has no upstream branch.
To push the current branch and set the remote as upstream, use

    git push --set-upstream origin main

To have this happen automatically for branches without a tracking
upstream, see 'push.autoSetupRemote' in 'git help config'.

(base) runchitan@192 Notes Algebraic Geometry % git push --set-upstream origin main
To https://github.com/Ihcnurnat/Notes-Algebraic-Geometry.git
 ! [rejected]        main -> main (fetch first)
error: failed to push some refs to 'https://github.com/Ihcnurnat/Notes-Algebraic-Geometry.git'
hint: Updates were rejected because the remote contains work that you do
hint: not have locally. This is usually caused by another repository pushing
hint: to the same ref. You may want to first integrate the remote changes
hint: (e.g., 'git pull ...') before pushing again.
hint: See the 'Note about fast-forwards' in 'git push --help' for details.
(base) runchitan@192 Notes Algebraic Geometry % git pull --rebase 
error: cannot pull with rebase: You have unstaged changes.
error: please commit or stash them.
(base) runchitan@192 Notes Algebraic Geometry % git status
On branch main
Changes not staged for commit:
  (use "git add <file>..." to update what will be committed)
  (use "git restore <file>..." to discard changes in working directory)
        modified:   .gitignore

no changes added to commit (use "git add" and/or "git commit -a")
(base) runchitan@192 Notes Algebraic Geometry % git add .
(base) runchitan@192 Notes Algebraic Geometry % git pull --rebase
error: cannot pull with rebase: Your index contains uncommitted changes.
error: please commit or stash them.
(base) runchitan@192 Notes Algebraic Geometry % git commit -m "first commit"
[main 2a63286] first commit
 1 file changed, 2 insertions(+), 1 deletion(-)
(base) runchitan@192 Notes Algebraic Geometry % git pull --rebase
remote: Enumerating objects: 3, done.
remote: Counting objects: 100% (3/3), done.
remote: Total 3 (delta 0), reused 0 (delta 0), pack-reused 0
Unpacking objects: 100% (3/3), 609 bytes | 304.00 KiB/s, done.
From https://github.com/Ihcnurnat/Notes-Algebraic-Geometry
 * [new branch]      main       -> origin/main
There is no tracking information for the current branch.
Please specify which branch you want to rebase against.
See git-pull(1) for details.

    git pull <remote> <branch>

If you wish to set tracking information for this branch you can do so with:

    git branch --set-upstream-to=origin/<branch> main

(base) runchitan@192 Notes Algebraic Geometry % git remote add origin https://github.com/Ihcnurnat/Notes-Algebraic-Geometry.git
error: remote origin already exists.
(base) runchitan@192 Notes Algebraic Geometry % git branch -m main     
(base) runchitan@192 Notes Algebraic Geometry % git push -u origin main
To https://github.com/Ihcnurnat/Notes-Algebraic-Geometry.git
 ! [rejected]        main -> main (non-fast-forward)
error: failed to push some refs to 'https://github.com/Ihcnurnat/Notes-Algebraic-Geometry.git'
hint: Updates were rejected because the tip of your current branch is behind
hint: its remote counterpart. Integrate the remote changes (e.g.
hint: 'git pull ...') before pushing again.
hint: See the 'Note about fast-forwards' in 'git push --help' for details.
(base) runchitan@192 Notes Algebraic Geometry % git pull --rebase
There is no tracking information for the current branch.
Please specify which branch you want to rebase against.
See git-pull(1) for details.

    git pull <remote> <branch>

If you wish to set tracking information for this branch you can do so with:

    git branch --set-upstream-to=origin/<branch> main

(base) runchitan@192 Notes Algebraic Geometry % git pull --rebase main
fatal: 'main' does not appear to be a git repository
fatal: Could not read from remote repository.

Please make sure you have the correct access rights
and the repository exists.
(base) runchitan@192 Notes Algebraic Geometry % git pull remote main
fatal: 'remote' does not appear to be a git repository
fatal: Could not read from remote repository.

Please make sure you have the correct access rights
and the repository exists.
(base) runchitan@192 Notes Algebraic Geometry % git status
On branch main
nothing to commit, working tree clean
(base) runchitan@192 Notes Algebraic Geometry % git push -r origin main
error: unknown switch `r'
usage: git push [<options>] [<repository> [<refspec>...]]

    -v, --verbose         be more verbose
    -q, --quiet           be more quiet
    --repo <repository>   repository
    --all                 push all refs
    --mirror              mirror all refs
    -d, --delete          delete refs
    --tags                push tags (can't be used with --all or --mirror)
    -n, --dry-run         dry run
    --porcelain           machine-readable output
    -f, --force           force updates
    --force-with-lease[=<refname>:<expect>]
                          require old value of ref to be at this value
    --force-if-includes   require remote updates to be integrated locally
    --recurse-submodules (check|on-demand|no)
                          control recursive pushing of submodules
    --thin                use thin pack
    --receive-pack <receive-pack>
                          receive pack program
    --exec <receive-pack>
                          receive pack program
    -u, --set-upstream    set upstream for git pull/status
    --progress            force progress reporting
    --prune               prune locally removed refs
    --no-verify           bypass pre-push hook
    --follow-tags         push missing but relevant tags
    --signed[=(yes|no|if-asked)]
                          GPG sign the push
    --atomic              request atomic transaction on remote side
    -o, --push-option <server-specific>
                          option to transmit
    -4, --ipv4            use IPv4 addresses only
    -6, --ipv6            use IPv6 addresses only

(base) runchitan@192 Notes Algebraic Geometry % git push -u origin main
To https://github.com/Ihcnurnat/Notes-Algebraic-Geometry.git
 ! [rejected]        main -> main (non-fast-forward)
error: failed to push some refs to 'https://github.com/Ihcnurnat/Notes-Algebraic-Geometry.git'
hint: Updates were rejected because the tip of your current branch is behind
hint: its remote counterpart. Integrate the remote changes (e.g.
hint: 'git pull ...') before pushing again.
hint: See the 'Note about fast-forwards' in 'git push --help' for details.
(base) runchitan@192 Notes Algebraic Geometry % git pull
There is no tracking information for the current branch.
Please specify which branch you want to merge with.
See git-pull(1) for details.

    git pull <remote> <branch>

If you wish to set tracking information for this branch you can do so with:

    git branch --set-upstream-to=origin/<branch> main

(base) runchitan@192 Notes Algebraic Geometry % git pull remote main
fatal: 'remote' does not appear to be a git repository
fatal: Could not read from remote repository.

Please make sure you have the correct access rights
and the repository exists.
(base) runchitan@192 Notes Algebraic Geometry % git pull remote https://github.com/Ihcnurnat/Notes-Algebraic-Geometry.git
fatal: invalid refspec 'https://github.com/Ihcnurnat/Notes-Algebraic-Geometry.git'
(base) runchitan@192 Notes Algebraic Geometry % git status
On branch main
nothing to commit, working tree clean
(base) runchitan@192 Notes Algebraic Geometry % git remote add origin https://github.com/Ihcnurnat/Notes-Algebraic-Geometry.git
error: remote origin already exists.
(base) runchitan@192 Notes Algebraic Geometry % git push -u origin main 
To https://github.com/Ihcnurnat/Notes-Algebraic-Geometry.git
 ! [rejected]        main -> main (non-fast-forward)
error: failed to push some refs to 'https://github.com/Ihcnurnat/Notes-Algebraic-Geometry.git'
hint: Updates were rejected because the tip of your current branch is behind
hint: its remote counterpart. Integrate the remote changes (e.g.
hint: 'git pull ...') before pushing again.
hint: See the 'Note about fast-forwards' in 'git push --help' for details.
(base) runchitan@192 Notes Algebraic Geometry % git push -f origin main
Enumerating objects: 16, done.
Counting objects: 100% (16/16), done.
Delta compression using up to 10 threads
Compressing objects: 100% (13/13), done.
Writing objects: 100% (16/16), 114.02 KiB | 28.50 MiB/s, done.
Total 16 (delta 1), reused 0 (delta 0), pack-reused 0
remote: Resolving deltas: 100% (1/1), done.
To https://github.com/Ihcnurnat/Notes-Algebraic-Geometry.git
 + cc875ac...2a63286 main -> main (forced update)
(base) runchitan@192 Notes Algebraic Geometry % git status
On branch main
nothing to commit, working tree clean
(base) runchitan@192 Notes Algebraic Geometry % git status
On branch main
nothing to commit, working tree clean
(base) runchitan@192 Notes Algebraic Geometry % git status
On branch main
Changes not staged for commit:
  (use "git add <file>..." to update what will be committed)
  (use "git restore <file>..." to discard changes in working directory)
        modified:   .gitignore

no changes added to commit (use "git add" and/or "git commit -a")
(base) runchitan@192 Notes Algebraic Geometry % git add .
(base) runchitan@192 Notes Algebraic Geometry % git commit -m "with modified ignore files"
[main 36f2e38] with modified ignore files
 1 file changed, 2 insertions(+), 1 deletion(-)
(base) runchitan@192 Notes Algebraic Geometry % git push 
fatal: The current branch main has no upstream branch.
To push the current branch and set the remote as upstream, use

    git push --set-upstream origin main

To have this happen automatically for branches without a tracking
upstream, see 'push.autoSetupRemote' in 'git help config'.

(base) runchitan@192 Notes Algebraic Geometry % git push --set-upstream origin main
Enumerating objects: 5, done.
Counting objects: 100% (5/5), done.
Delta compression using up to 10 threads
Compressing objects: 100% (3/3), done.
Writing objects: 100% (3/3), 324 bytes | 324.00 KiB/s, done.
Total 3 (delta 1), reused 0 (delta 0), pack-reused 0
remote: Resolving deltas: 100% (1/1), completed with 1 local object.
To https://github.com/Ihcnurnat/Notes-Algebraic-Geometry.git
   2a63286..36f2e38  main -> main
branch 'main' set up to track 'origin/main'.
(base) runchitan@192 Notes Algebraic Geometry % git help config
(base) runchitan@192 Notes Algebraic Geometry % git push -u origin main
branch 'main' set up to track 'origin/main'.
Everything up-to-date
(base) runchitan@192 Notes Algebraic Geometry % 